
> shipany-template-one@1.6.0 dev
> cross-env NODE_NO_WARNINGS=1 next dev

 ⚠ Port 3000 is in use, trying 3001 instead.
 ⚠ Port 3001 is in use, trying 3002 instead.
 ⚠ Port 3002 is in use, trying 3003 instead.
 ⚠ Port 3003 is in use, trying 3004 instead.
 ⚠ Port 3004 is in use, trying 3005 instead.
 ⚠ Port 3005 is in use, trying 3006 instead.
 ⚠ Port 3006 is in use, trying 3007 instead.
 ⚠ Port 3007 is in use, trying 3008 instead.
 ⚠ Port 3008 is in use, trying 3009 instead.
 ⚠ Port 3009 is in use, trying 3010 instead.
 ⨯ Failed to start server
Error: listen EADDRINUSE: address already in use :::3010
    at <unknown> (Error: listen EADDRINUSE: address already in use :::3010) {
  code: 'EADDRINUSE',
  errno: -48,
  syscall: 'listen',
  address: '::',
  port: 3010
}
[?25h
